Copyright 1986-2022 Xilinx, Inc. All Rights Reserved. Copyright 2022-2024 Advanced Micro Devices, Inc. All Rights Reserved.
---------------------------------------------------------------------------------------------------------------------------------------------
| Tool Version : Vivado v.2024.2 (lin64) Build 5239630 Fri Nov 08 22:34:34 MST 2024
| Date         : Wed Jul  1 12:31:01 2026
| Host         : kimyujeong-IdeaPad-1-15ALC7 running 64-bit Ubuntu 24.04.3 LTS
| Command      : report_control_sets -verbose -file wafer_npu_bd_wrapper_control_sets_placed.rpt
| Design       : wafer_npu_bd_wrapper
| Device       : xc7z020
---------------------------------------------------------------------------------------------------------------------------------------------

Control Set Information

Table of Contents
-----------------
1. Summary
2. Histogram
3. Flip-Flop Distribution
4. Detailed Control Set Information

1. Summary
----------

+----------------------------------------------------------+-------+
|                          Status                          | Count |
+----------------------------------------------------------+-------+
| Total control sets                                       |    99 |
|    Minimum number of control sets                        |    99 |
|    Addition due to synthesis replication                 |     0 |
|    Addition due to physical synthesis replication        |     0 |
| Unused register locations in slices containing registers |   219 |
+----------------------------------------------------------+-------+
* Control sets can be merged at opt_design using control_set_merge or merge_equivalent_drivers
** Run report_qor_suggestions for automated merging and remapping suggestions


2. Histogram
------------

+--------------------+-------+
|       Fanout       | Count |
+--------------------+-------+
| Total control sets |    99 |
| >= 0 to < 4        |     2 |
| >= 4 to < 6        |    12 |
| >= 6 to < 8        |     1 |
| >= 8 to < 10       |    13 |
| >= 10 to < 12      |     4 |
| >= 12 to < 14      |     5 |
| >= 14 to < 16      |     7 |
| >= 16              |    55 |
+--------------------+-------+
* Control sets can be remapped at either synth_design or opt_design


3. Flip-Flop Distribution
-------------------------

+--------------+-----------------------+------------------------+-----------------+--------------+
| Clock Enable | Synchronous Set/Reset | Asynchronous Set/Reset | Total Registers | Total Slices |
+--------------+-----------------------+------------------------+-----------------+--------------+
| No           | No                    | No                     |             184 |           63 |
| No           | No                    | Yes                    |              53 |           29 |
| No           | Yes                   | No                     |              41 |           16 |
| Yes          | No                    | No                     |             259 |           67 |
| Yes          | No                    | Yes                    |            1695 |          515 |
| Yes          | Yes                   | No                     |              61 |           18 |
+--------------+-----------------------+------------------------+-----------------+--------------+


4. Detailed Control Set Information
-----------------------------------

+-----------------------------------------------------+--------------------------------------------------------------------------------------------------------------------------------------------------------------------+-----------------------------------------------------------------------------------------------------------------------------------------------------------+------------------+----------------+--------------+
|                     Clock Signal                    |                                                                            Enable Signal                                                                           |                                                                      Set/Reset Signal                                                                     | Slice Load Count | Bel Load Count | Bels / Slice |
+-----------------------------------------------------+--------------------------------------------------------------------------------------------------------------------------------------------------------------------+-----------------------------------------------------------------------------------------------------------------------------------------------------------+------------------+----------------+--------------+
|  wafer_npu_bd_i/processing_system7_0/inst/FCLK_CLK0 | wafer_npu_bd_i/ps7_0_axi_periph/s00_couplers/auto_pc/inst/gen_axilite.gen_b2s_conv.axilite_b2s/WR.aw_channel_0/aw_cmd_fsm_0/FSM_sequential_state_reg[0]_1          | wafer_npu_bd_i/ps7_0_axi_periph/s00_couplers/auto_pc/inst/gen_axilite.gen_b2s_conv.axilite_b2s/WR.aw_channel_0/aw_cmd_fsm_0/FSM_sequential_state_reg[0]_0 |                1 |              1 |         1.00 |
|  wafer_npu_bd_i/processing_system7_0/inst/FCLK_CLK0 | wafer_npu_bd_i/ps7_0_axi_periph/s00_couplers/auto_pc/inst/gen_axilite.gen_b2s_conv.axilite_b2s/WR.b_channel_0/bid_fifo_0/sel                                       |                                                                                                                                                           |                1 |              2 |         2.00 |
|  wafer_npu_bd_i/processing_system7_0/inst/FCLK_CLK0 |                                                                                                                                                                    | wafer_npu_bd_i/cnn_npu_0/inst/cnn_inst/fc_inst/bias_addr_reg[3]_0[0]                                                                                      |                1 |              4 |         4.00 |
|  wafer_npu_bd_i/processing_system7_0/inst/FCLK_CLK0 |                                                                                                                                                                    | wafer_npu_bd_i/rst_ps7_0_40M/U0/EXT_LPF/lpf_int                                                                                                           |                1 |              4 |         4.00 |
|  wafer_npu_bd_i/processing_system7_0/inst/FCLK_CLK0 |                                                                                                                                                                    | wafer_npu_bd_i/ps7_0_axi_periph/s00_couplers/auto_pc/inst/gen_axilite.gen_b2s_conv.axilite_b2s/SI_REG/aw.aw_pipe/aresetn_d_reg[0]_0                       |                2 |              4 |         2.00 |
|  wafer_npu_bd_i/processing_system7_0/inst/FCLK_CLK0 |                                                                                                                                                                    | wafer_npu_bd_i/ps7_0_axi_periph/s00_couplers/auto_pc/inst/gen_axilite.gen_b2s_conv.axilite_b2s/SI_REG/aw.aw_pipe/aresetn_d_reg[1]_inv_0                   |                1 |              4 |         4.00 |
|  wafer_npu_bd_i/processing_system7_0/inst/FCLK_CLK0 | wafer_npu_bd_i/cnn_npu_0/inst/cnn_inst/class_idx[3]_i_1_n_0                                                                                                        | wafer_npu_bd_i/cnn_npu_0/inst/cnn_inst/conv3_inst/sw_reset_stretch_reg[0]                                                                                 |                3 |              4 |         1.33 |
|  wafer_npu_bd_i/processing_system7_0/inst/FCLK_CLK0 | wafer_npu_bd_i/cnn_npu_0/inst/cnn_inst/amx_best_idx[3]_i_1_n_0                                                                                                     | wafer_npu_bd_i/cnn_npu_0/inst/cnn_inst/conv3_inst/sw_reset_stretch_reg[0]                                                                                 |                2 |              4 |         2.00 |
|  wafer_npu_bd_i/processing_system7_0/inst/FCLK_CLK0 | wafer_npu_bd_i/ps7_0_axi_periph/s00_couplers/auto_pc/inst/gen_axilite.gen_b2s_conv.axilite_b2s/RD.ar_channel_0/ar_cmd_fsm_0/m_axi_arready_2                        | wafer_npu_bd_i/ps7_0_axi_periph/s00_couplers/auto_pc/inst/gen_axilite.gen_b2s_conv.axilite_b2s/RD.ar_channel_0/ar_cmd_fsm_0/FSM_sequential_state_reg[1]_0 |                2 |              4 |         2.00 |
|  wafer_npu_bd_i/processing_system7_0/inst/FCLK_CLK0 | wafer_npu_bd_i/cnn_npu_0/inst/img_addr_reg[11]_i_2_n_0                                                                                                             | wafer_npu_bd_i/cnn_npu_0/inst/img_addr_reg[11]_i_1_n_0                                                                                                    |                1 |              4 |         4.00 |
|  wafer_npu_bd_i/processing_system7_0/inst/FCLK_CLK0 | wafer_npu_bd_i/ps7_0_axi_periph/s00_couplers/auto_pc/inst/gen_axilite.gen_b2s_conv.axilite_b2s/RD.r_channel_0/rd_data_fifo_0/cnt_read[4]_i_1__0_n_0                | wafer_npu_bd_i/ps7_0_axi_periph/s00_couplers/auto_pc/inst/gen_axilite.gen_b2s_conv.axilite_b2s/areset_d1                                                  |                2 |              5 |         2.50 |
|  wafer_npu_bd_i/processing_system7_0/inst/FCLK_CLK0 | wafer_npu_bd_i/cnn_npu_0/inst/cnn_inst/gap_inst/FSM_onehot_state[4]_i_1_n_0                                                                                        | wafer_npu_bd_i/cnn_npu_0/inst/cnn_inst/conv3_inst/sw_reset_stretch_reg[0]                                                                                 |                2 |              5 |         2.50 |
|  wafer_npu_bd_i/processing_system7_0/inst/FCLK_CLK0 | wafer_npu_bd_i/cnn_npu_0/inst/cnn_inst/fc_inst/E[0]                                                                                                                | wafer_npu_bd_i/cnn_npu_0/inst/cnn_inst/conv3_inst/sw_reset_stretch_reg[0]                                                                                 |                1 |              5 |         5.00 |
|  wafer_npu_bd_i/processing_system7_0/inst/FCLK_CLK0 | wafer_npu_bd_i/ps7_0_axi_periph/s00_couplers/auto_pc/inst/gen_axilite.gen_b2s_conv.axilite_b2s/RD.r_channel_0/transaction_fifo_0/cnt_read[4]_i_1_n_0               | wafer_npu_bd_i/ps7_0_axi_periph/s00_couplers/auto_pc/inst/gen_axilite.gen_b2s_conv.axilite_b2s/areset_d1                                                  |                2 |              5 |         2.50 |
|  wafer_npu_bd_i/processing_system7_0/inst/FCLK_CLK0 | wafer_npu_bd_i/rst_ps7_0_40M/U0/SEQ/seq_cnt_en                                                                                                                     | wafer_npu_bd_i/rst_ps7_0_40M/U0/SEQ/SEQ_COUNTER/clear                                                                                                     |                1 |              6 |         6.00 |
|  wafer_npu_bd_i/processing_system7_0/inst/FCLK_CLK0 | wafer_npu_bd_i/cnn_npu_0/inst/img_wdata_reg                                                                                                                        | wafer_npu_bd_i/cnn_npu_0/inst/p_0_in__0                                                                                                                   |                2 |              8 |         4.00 |
|  wafer_npu_bd_i/processing_system7_0/inst/FCLK_CLK0 | wafer_npu_bd_i/cnn_npu_0/inst/img_addr_reg[7]_i_1_n_0                                                                                                              | wafer_npu_bd_i/cnn_npu_0/inst/img_addr_reg[11]_i_1_n_0                                                                                                    |                2 |              8 |         4.00 |
|  wafer_npu_bd_i/processing_system7_0/inst/FCLK_CLK0 | wafer_npu_bd_i/ps7_0_axi_periph/s00_couplers/auto_pc/inst/gen_axilite.gen_b2s_conv.axilite_b2s/RD.ar_channel_0/ar_cmd_fsm_0/E[0]                                   |                                                                                                                                                           |                5 |              8 |         1.60 |
|  wafer_npu_bd_i/processing_system7_0/inst/FCLK_CLK0 | wafer_npu_bd_i/ps7_0_axi_periph/s00_couplers/auto_pc/inst/gen_axilite.gen_b2s_conv.axilite_b2s/RD.ar_channel_0/ar_cmd_fsm_0/sel_first_reg[0]                       |                                                                                                                                                           |                2 |              8 |         4.00 |
|  wafer_npu_bd_i/processing_system7_0/inst/FCLK_CLK0 | wafer_npu_bd_i/ps7_0_axi_periph/s00_couplers/auto_pc/inst/gen_axilite.gen_b2s_conv.axilite_b2s/WR.aw_channel_0/cmd_translator_0/incr_cmd_0/axaddr_incr[11]_i_1_n_0 |                                                                                                                                                           |                2 |              8 |         4.00 |
|  wafer_npu_bd_i/processing_system7_0/inst/FCLK_CLK0 | wafer_npu_bd_i/ps7_0_axi_periph/s00_couplers/auto_pc/inst/gen_axilite.gen_b2s_conv.axilite_b2s/WR.aw_channel_0/aw_cmd_fsm_0/m_valid_i_reg[0]                       |                                                                                                                                                           |                4 |              8 |         2.00 |
|  wafer_npu_bd_i/processing_system7_0/inst/FCLK_CLK0 | wafer_npu_bd_i/cnn_npu_0/inst/cnn_inst/pool1_inst/max_reg[7]_i_1_n_0                                                                                               | wafer_npu_bd_i/cnn_npu_0/inst/cnn_inst/conv3_inst/sw_reset_stretch_reg[0]                                                                                 |                2 |              8 |         4.00 |
|  wafer_npu_bd_i/processing_system7_0/inst/FCLK_CLK0 | wafer_npu_bd_i/ps7_0_axi_periph/s00_couplers/auto_pc/inst/gen_axilite.gen_b2s_conv.axilite_b2s/WR.b_channel_0/mhandshake_r                                         | wafer_npu_bd_i/ps7_0_axi_periph/s00_couplers/auto_pc/inst/gen_axilite.gen_b2s_conv.axilite_b2s/WR.b_channel_0/bid_fifo_0/SR[0]                            |                3 |              8 |         2.67 |
|  wafer_npu_bd_i/processing_system7_0/inst/FCLK_CLK0 | wafer_npu_bd_i/cnn_npu_0/inst/cnn_inst/pool2_inst/max_reg[7]_i_1__0_n_0                                                                                            | wafer_npu_bd_i/cnn_npu_0/inst/cnn_inst/conv3_inst/sw_reset_stretch_reg[0]                                                                                 |                2 |              8 |         4.00 |
|  wafer_npu_bd_i/processing_system7_0/inst/FCLK_CLK0 | wafer_npu_bd_i/cnn_npu_0/inst/cnn_inst/pool3_inst/max_reg[7]_i_1__1_n_0                                                                                            | wafer_npu_bd_i/cnn_npu_0/inst/cnn_inst/conv3_inst/sw_reset_stretch_reg[0]                                                                                 |                3 |              8 |         2.67 |
|  wafer_npu_bd_i/processing_system7_0/inst/FCLK_CLK0 | wafer_npu_bd_i/cnn_npu_0/inst/cnn_inst/pool1_inst/E[0]                                                                                                             | wafer_npu_bd_i/cnn_npu_0/inst/cnn_inst/conv3_inst/sw_reset_stretch_reg[0]                                                                                 |                4 |              9 |         2.25 |
|  wafer_npu_bd_i/processing_system7_0/inst/FCLK_CLK0 | wafer_npu_bd_i/cnn_npu_0/inst/cnn_inst/conv1_inst/E[0]                                                                                                             | wafer_npu_bd_i/cnn_npu_0/inst/cnn_inst/conv3_inst/sw_reset_stretch_reg[0]                                                                                 |                2 |              9 |         4.50 |
|  wafer_npu_bd_i/processing_system7_0/inst/FCLK_CLK0 | wafer_npu_bd_i/cnn_npu_0/inst/cnn_inst/conv2_inst/E[0]                                                                                                             | wafer_npu_bd_i/cnn_npu_0/inst/cnn_inst/conv3_inst/sw_reset_stretch_reg[0]                                                                                 |                2 |              9 |         4.50 |
|  wafer_npu_bd_i/processing_system7_0/inst/FCLK_CLK0 | wafer_npu_bd_i/cnn_npu_0/inst/cnn_inst/conv1_inst/bias_reg[15]_i_1_n_0                                                                                             | wafer_npu_bd_i/cnn_npu_0/inst/cnn_inst/conv3_inst/sw_reset_stretch_reg[0]                                                                                 |                5 |             10 |         2.00 |
|  wafer_npu_bd_i/processing_system7_0/inst/FCLK_CLK0 |                                                                                                                                                                    | wafer_npu_bd_i/ps7_0_axi_periph/s00_couplers/auto_pc/inst/gen_axilite.gen_b2s_conv.axilite_b2s/areset_d1                                                  |                5 |             10 |         2.00 |
|  wafer_npu_bd_i/processing_system7_0/inst/FCLK_CLK0 | wafer_npu_bd_i/cnn_npu_0/inst/cnn_inst/conv2_inst/bias_reg[15]_i_1__0_n_0                                                                                          | wafer_npu_bd_i/cnn_npu_0/inst/cnn_inst/conv3_inst/sw_reset_stretch_reg[0]                                                                                 |                6 |             11 |         1.83 |
|  wafer_npu_bd_i/processing_system7_0/inst/FCLK_CLK0 | wafer_npu_bd_i/cnn_npu_0/inst/cnn_inst/fc_inst/ifmap_addr[5]_i_1__5_n_0                                                                                            | wafer_npu_bd_i/cnn_npu_0/inst/cnn_inst/conv3_inst/sw_reset_stretch_reg[0]                                                                                 |                3 |             11 |         3.67 |
|  wafer_npu_bd_i/processing_system7_0/inst/FCLK_CLK0 | wafer_npu_bd_i/cnn_npu_0/inst/cnn_inst/gap_inst/ofmap_we                                                                                                           |                                                                                                                                                           |                3 |             12 |         4.00 |
|  wafer_npu_bd_i/processing_system7_0/inst/FCLK_CLK0 | wafer_npu_bd_i/cnn_npu_0/inst/slv_reg_rden                                                                                                                         | wafer_npu_bd_i/cnn_npu_0/inst/p_0_in__0                                                                                                                   |                2 |             12 |         6.00 |
|  wafer_npu_bd_i/processing_system7_0/inst/FCLK_CLK0 | wafer_npu_bd_i/cnn_npu_0/inst/cnn_inst/gap_inst/ifmap_addr[11]_i_1__5_n_0                                                                                          | wafer_npu_bd_i/cnn_npu_0/inst/cnn_inst/conv3_inst/sw_reset_stretch_reg[0]                                                                                 |                4 |             12 |         3.00 |
|  wafer_npu_bd_i/processing_system7_0/inst/FCLK_CLK0 | wafer_npu_bd_i/ps7_0_axi_periph/s00_couplers/auto_pc/inst/gen_axilite.gen_b2s_conv.axilite_b2s/RD.r_channel_0/rd_data_fifo_0/wr_en0                                |                                                                                                                                                           |                3 |             12 |         4.00 |
|  wafer_npu_bd_i/processing_system7_0/inst/FCLK_CLK0 | wafer_npu_bd_i/ps7_0_axi_periph/s00_couplers/auto_pc/inst/gen_axilite.gen_b2s_conv.axilite_b2s/RD.r_channel_0/r_push_r                                             |                                                                                                                                                           |                4 |             13 |         3.25 |
|  wafer_npu_bd_i/processing_system7_0/inst/FCLK_CLK0 | wafer_npu_bd_i/cnn_npu_0/inst/cnn_inst/gap_inst/FSM_onehot_state_reg_n_0_[3]                                                                                       | wafer_npu_bd_i/cnn_npu_0/inst/cnn_inst/conv3_inst/sw_reset_stretch_reg[0]                                                                                 |                9 |             14 |         1.56 |
|  wafer_npu_bd_i/processing_system7_0/inst/FCLK_CLK0 | wafer_npu_bd_i/ps7_0_axi_periph/s00_couplers/auto_pc/inst/gen_axilite.gen_b2s_conv.axilite_b2s/SI_REG/b.b_pipe/p_1_in                                              |                                                                                                                                                           |                2 |             14 |         7.00 |
|  wafer_npu_bd_i/processing_system7_0/inst/FCLK_CLK0 | wafer_npu_bd_i/ps7_0_axi_periph/s00_couplers/auto_pc/inst/gen_axilite.gen_b2s_conv.axilite_b2s/SI_REG/b.b_pipe/s_ready_i_reg_0                                     |                                                                                                                                                           |                3 |             14 |         4.67 |
|  wafer_npu_bd_i/processing_system7_0/inst/FCLK_CLK0 | wafer_npu_bd_i/cnn_npu_0/inst/cnn_inst/pool3_inst/ifmap_addr[13]_i_1__1_n_0                                                                                        | wafer_npu_bd_i/cnn_npu_0/inst/cnn_inst/conv3_inst/sw_reset_stretch_reg[0]                                                                                 |                8 |             14 |         1.75 |
|  wafer_npu_bd_i/processing_system7_0/inst/FCLK_CLK0 | wafer_npu_bd_i/cnn_npu_0/inst/cnn_inst/pool2_inst/ifmap_addr[13]_i_1__0_n_0                                                                                        | wafer_npu_bd_i/cnn_npu_0/inst/cnn_inst/conv3_inst/sw_reset_stretch_reg[0]                                                                                 |                7 |             14 |         2.00 |
|  wafer_npu_bd_i/processing_system7_0/inst/FCLK_CLK0 |                                                                                                                                                                    | wafer_npu_bd_i/cnn_npu_0/inst/p_0_in__0                                                                                                                   |                6 |             15 |         2.50 |
|  wafer_npu_bd_i/processing_system7_0/inst/FCLK_CLK0 | wafer_npu_bd_i/cnn_npu_0/inst/cnn_inst/pool1_inst/ifmap_addr[14]_i_1_n_0                                                                                           | wafer_npu_bd_i/cnn_npu_0/inst/cnn_inst/conv3_inst/sw_reset_stretch_reg[0]                                                                                 |                5 |             15 |         3.00 |
|  wafer_npu_bd_i/processing_system7_0/inst/FCLK_CLK0 | wafer_npu_bd_i/ps7_0_axi_periph/s00_couplers/auto_pc/inst/gen_axilite.gen_b2s_conv.axilite_b2s/WR.aw_channel_0/aw_cmd_fsm_0/m_axi_awready_0                        |                                                                                                                                                           |                3 |             16 |         5.33 |
|  wafer_npu_bd_i/processing_system7_0/inst/FCLK_CLK0 | wafer_npu_bd_i/cnn_npu_0/inst/cnn_inst/conv3_inst/bias_reg[15]_i_1__1_n_0                                                                                          | wafer_npu_bd_i/cnn_npu_0/inst/cnn_inst/conv3_inst/sw_reset_stretch_reg[0]                                                                                 |                7 |             16 |         2.29 |
|  wafer_npu_bd_i/processing_system7_0/inst/FCLK_CLK0 | wafer_npu_bd_i/ps7_0_axi_periph/s00_couplers/auto_pc/inst/gen_axilite.gen_b2s_conv.axilite_b2s/RD.ar_channel_0/ar_cmd_fsm_0/m_axi_arready_2                        |                                                                                                                                                           |                6 |             17 |         2.83 |
|  wafer_npu_bd_i/processing_system7_0/inst/FCLK_CLK0 | wafer_npu_bd_i/cnn_npu_0/inst/cnn_inst/pool2_inst/ofmap_we_i_1__3_n_0                                                                                              | wafer_npu_bd_i/cnn_npu_0/inst/cnn_inst/conv3_inst/sw_reset_stretch_reg[0]                                                                                 |                6 |             20 |         3.33 |
|  wafer_npu_bd_i/processing_system7_0/inst/FCLK_CLK0 | wafer_npu_bd_i/cnn_npu_0/inst/cnn_inst/conv1_inst/ifmap_addr[11]_i_1_n_0                                                                                           | wafer_npu_bd_i/cnn_npu_0/inst/cnn_inst/conv3_inst/sw_reset_stretch_reg[0]                                                                                 |                9 |             20 |         2.22 |
|  wafer_npu_bd_i/processing_system7_0/inst/FCLK_CLK0 | wafer_npu_bd_i/ps7_0_axi_periph/s00_couplers/auto_pc/inst/gen_axilite.gen_b2s_conv.axilite_b2s/WR.aw_channel_0/aw_cmd_fsm_0/FSM_sequential_state_reg[0]_1          |                                                                                                                                                           |                6 |             20 |         3.33 |
|  wafer_npu_bd_i/processing_system7_0/inst/FCLK_CLK0 | wafer_npu_bd_i/cnn_npu_0/inst/cnn_inst/pool3_inst/ofmap_we_i_1_n_0                                                                                                 | wafer_npu_bd_i/cnn_npu_0/inst/cnn_inst/conv3_inst/sw_reset_stretch_reg[0]                                                                                 |                6 |             20 |         3.33 |
|  wafer_npu_bd_i/processing_system7_0/inst/FCLK_CLK0 | wafer_npu_bd_i/cnn_npu_0/inst/cnn_inst/conv3_inst/ofmap_we_i_1__4_n_0                                                                                              | wafer_npu_bd_i/cnn_npu_0/inst/cnn_inst/conv3_inst/sw_reset_stretch_reg[0]                                                                                 |                5 |             22 |         4.40 |
|  wafer_npu_bd_i/processing_system7_0/inst/FCLK_CLK0 | wafer_npu_bd_i/cnn_npu_0/inst/cnn_inst/amx_best_val[23]_i_1_n_0                                                                                                    | wafer_npu_bd_i/cnn_npu_0/inst/cnn_inst/conv3_inst/sw_reset_stretch_reg[0]                                                                                 |                7 |             24 |         3.43 |
|  wafer_npu_bd_i/processing_system7_0/inst/FCLK_CLK0 | wafer_npu_bd_i/ps7_0_axi_periph/s00_couplers/auto_pc/inst/gen_axilite.gen_b2s_conv.axilite_b2s/SI_REG/r.r_pipe/s_ready_i_reg_0                                     |                                                                                                                                                           |                5 |             25 |         5.00 |
|  wafer_npu_bd_i/processing_system7_0/inst/FCLK_CLK0 | wafer_npu_bd_i/ps7_0_axi_periph/s00_couplers/auto_pc/inst/gen_axilite.gen_b2s_conv.axilite_b2s/SI_REG/r.r_pipe/p_1_in                                              |                                                                                                                                                           |                5 |             25 |         5.00 |
|  wafer_npu_bd_i/processing_system7_0/inst/FCLK_CLK0 | wafer_npu_bd_i/cnn_npu_0/inst/cnn_inst/conv2_inst/ifmap_addr[12]_i_1__2_n_0                                                                                        | wafer_npu_bd_i/cnn_npu_0/inst/cnn_inst/conv3_inst/sw_reset_stretch_reg[0]                                                                                 |               12 |             25 |         2.08 |
|  wafer_npu_bd_i/processing_system7_0/inst/FCLK_CLK0 | wafer_npu_bd_i/cnn_npu_0/inst/cnn_inst/fc_inst/acc[26]_i_1__3_n_0                                                                                                  | wafer_npu_bd_i/cnn_npu_0/inst/cnn_inst/conv3_inst/sw_reset_stretch_reg[0]                                                                                 |                6 |             27 |         4.50 |
|  wafer_npu_bd_i/processing_system7_0/inst/FCLK_CLK0 | wafer_npu_bd_i/cnn_npu_0/inst/cnn_inst/conv3_inst/ifmap_addr[11]_i_1__4_n_0                                                                                        | wafer_npu_bd_i/cnn_npu_0/inst/cnn_inst/conv3_inst/sw_reset_stretch_reg[0]                                                                                 |                9 |             27 |         3.00 |
|  wafer_npu_bd_i/processing_system7_0/inst/FCLK_CLK0 | wafer_npu_bd_i/cnn_npu_0/inst/cnn_inst/fc_inst/ofmap_we_i_1__0_n_0                                                                                                 | wafer_npu_bd_i/cnn_npu_0/inst/cnn_inst/conv3_inst/sw_reset_stretch_reg[0]                                                                                 |               10 |             28 |         2.80 |
|  wafer_npu_bd_i/processing_system7_0/inst/FCLK_CLK0 | wafer_npu_bd_i/ps7_0_axi_periph/s00_couplers/auto_pc/inst/gen_axilite.gen_b2s_conv.axilite_b2s/SI_REG/ar.ar_pipe/s_ready_i_reg_0                                   |                                                                                                                                                           |                8 |             28 |         3.50 |
|  wafer_npu_bd_i/processing_system7_0/inst/FCLK_CLK0 | wafer_npu_bd_i/ps7_0_axi_periph/s00_couplers/auto_pc/inst/gen_axilite.gen_b2s_conv.axilite_b2s/SI_REG/aw.aw_pipe/s_ready_i_reg_0                                   |                                                                                                                                                           |                7 |             28 |         4.00 |
|  wafer_npu_bd_i/processing_system7_0/inst/FCLK_CLK0 | wafer_npu_bd_i/ps7_0_axi_periph/s00_couplers/auto_pc/inst/gen_axilite.gen_b2s_conv.axilite_b2s/RD.ar_channel_0/ar_cmd_fsm_0/m_valid_i_reg[0]                       |                                                                                                                                                           |                6 |             28 |         4.67 |
|  wafer_npu_bd_i/processing_system7_0/inst/FCLK_CLK0 | wafer_npu_bd_i/ps7_0_axi_periph/s00_couplers/auto_pc/inst/gen_axilite.gen_b2s_conv.axilite_b2s/WR.aw_channel_0/aw_cmd_fsm_0/E[0]                                   |                                                                                                                                                           |                6 |             28 |         4.67 |
|  wafer_npu_bd_i/processing_system7_0/inst/FCLK_CLK0 | wafer_npu_bd_i/cnn_npu_0/inst/cnn_inst/pool2_inst/ic[31]_i_1__2_n_0                                                                                                | wafer_npu_bd_i/cnn_npu_0/inst/cnn_inst/conv3_inst/sw_reset_stretch_reg[0]                                                                                 |                9 |             32 |         3.56 |
|  wafer_npu_bd_i/processing_system7_0/inst/FCLK_CLK0 | wafer_npu_bd_i/cnn_npu_0/inst/cnn_inst/pool1_inst/ic[31]_i_1__0_n_0                                                                                                | wafer_npu_bd_i/cnn_npu_0/inst/cnn_inst/conv3_inst/sw_reset_stretch_reg[0]                                                                                 |                8 |             32 |         4.00 |
|  wafer_npu_bd_i/processing_system7_0/inst/FCLK_CLK0 | wafer_npu_bd_i/cnn_npu_0/inst/cnn_inst/pool2_inst/ox[31]_i_1__1_n_0                                                                                                | wafer_npu_bd_i/cnn_npu_0/inst/cnn_inst/conv3_inst/sw_reset_stretch_reg[0]                                                                                 |                8 |             32 |         4.00 |
|  wafer_npu_bd_i/processing_system7_0/inst/FCLK_CLK0 | wafer_npu_bd_i/cnn_npu_0/inst/cnn_inst/conv1_inst/acc[31]_i_1_n_0                                                                                                  | wafer_npu_bd_i/cnn_npu_0/inst/cnn_inst/conv3_inst/sw_reset_stretch_reg[0]                                                                                 |               13 |             32 |         2.46 |
|  wafer_npu_bd_i/processing_system7_0/inst/FCLK_CLK0 | wafer_npu_bd_i/cnn_npu_0/inst/cnn_inst/pool3_inst/tap[31]_i_1__1_n_0                                                                                               | wafer_npu_bd_i/cnn_npu_0/inst/cnn_inst/conv3_inst/sw_reset_stretch_reg[0]                                                                                 |               10 |             32 |         3.20 |
|  wafer_npu_bd_i/processing_system7_0/inst/FCLK_CLK0 | wafer_npu_bd_i/cnn_npu_0/inst/cnn_inst/pool3_inst/ox[31]_i_1__2_n_0                                                                                                | wafer_npu_bd_i/cnn_npu_0/inst/cnn_inst/conv3_inst/sw_reset_stretch_reg[0]                                                                                 |               10 |             32 |         3.20 |
|  wafer_npu_bd_i/processing_system7_0/inst/FCLK_CLK0 | wafer_npu_bd_i/cnn_npu_0/inst/cnn_inst/pool3_inst/oy[31]_i_1__2_n_0                                                                                                | wafer_npu_bd_i/cnn_npu_0/inst/cnn_inst/conv3_inst/sw_reset_stretch_reg[0]                                                                                 |                7 |             32 |         4.57 |
|  wafer_npu_bd_i/processing_system7_0/inst/FCLK_CLK0 | wafer_npu_bd_i/cnn_npu_0/inst/cnn_inst/pool3_inst/ic[31]_i_1__4_n_0                                                                                                | wafer_npu_bd_i/cnn_npu_0/inst/cnn_inst/conv3_inst/sw_reset_stretch_reg[0]                                                                                 |                7 |             32 |         4.57 |
|  wafer_npu_bd_i/processing_system7_0/inst/FCLK_CLK0 | wafer_npu_bd_i/cnn_npu_0/inst/cnn_inst/pool2_inst/tap[31]_i_1__0_n_0                                                                                               | wafer_npu_bd_i/cnn_npu_0/inst/cnn_inst/conv3_inst/sw_reset_stretch_reg[0]                                                                                 |                9 |             32 |         3.56 |
|  wafer_npu_bd_i/processing_system7_0/inst/FCLK_CLK0 | wafer_npu_bd_i/cnn_npu_0/inst/cnn_inst/pool2_inst/oy[31]_i_1__1_n_0                                                                                                | wafer_npu_bd_i/cnn_npu_0/inst/cnn_inst/conv3_inst/sw_reset_stretch_reg[0]                                                                                 |                7 |             32 |         4.57 |
|  wafer_npu_bd_i/processing_system7_0/inst/FCLK_CLK0 | wafer_npu_bd_i/cnn_npu_0/inst/cnn_inst/pool1_inst/oy[31]_i_1_n_0                                                                                                   | wafer_npu_bd_i/cnn_npu_0/inst/cnn_inst/conv3_inst/sw_reset_stretch_reg[0]                                                                                 |                6 |             32 |         5.33 |
|  wafer_npu_bd_i/processing_system7_0/inst/FCLK_CLK0 | wafer_npu_bd_i/cnn_npu_0/inst/cnn_inst/fc_inst/inf[31]_i_1_n_0                                                                                                     | wafer_npu_bd_i/cnn_npu_0/inst/cnn_inst/conv3_inst/sw_reset_stretch_reg[0]                                                                                 |                7 |             32 |         4.57 |
|  wafer_npu_bd_i/processing_system7_0/inst/FCLK_CLK0 | wafer_npu_bd_i/cnn_npu_0/inst/cnn_inst/fc_inst/ofmap_we                                                                                                            |                                                                                                                                                           |                4 |             32 |         8.00 |
|  wafer_npu_bd_i/processing_system7_0/inst/FCLK_CLK0 | wafer_npu_bd_i/cnn_npu_0/inst/cnn_inst/gap_inst/ic                                                                                                                 | wafer_npu_bd_i/cnn_npu_0/inst/cnn_inst/conv3_inst/sw_reset_stretch_reg[0]                                                                                 |                7 |             32 |         4.57 |
|  wafer_npu_bd_i/processing_system7_0/inst/FCLK_CLK0 | wafer_npu_bd_i/cnn_npu_0/inst/cnn_inst/gap_inst/acc                                                                                                                | wafer_npu_bd_i/cnn_npu_0/inst/cnn_inst/conv3_inst/sw_reset_stretch_reg[0]                                                                                 |                6 |             32 |         5.33 |
|  wafer_npu_bd_i/processing_system7_0/inst/FCLK_CLK0 | wafer_npu_bd_i/cnn_npu_0/inst/cnn_inst/conv3_inst/acc[31]_i_1__1_n_0                                                                                               | wafer_npu_bd_i/cnn_npu_0/inst/cnn_inst/conv3_inst/sw_reset_stretch_reg[0]                                                                                 |               14 |             32 |         2.29 |
|  wafer_npu_bd_i/processing_system7_0/inst/FCLK_CLK0 | wafer_npu_bd_i/cnn_npu_0/inst/cnn_inst/conv1_inst/oy[31]_i_1__3_n_0                                                                                                | wafer_npu_bd_i/cnn_npu_0/inst/cnn_inst/conv3_inst/sw_reset_stretch_reg[0]                                                                                 |                8 |             32 |         4.00 |
|  wafer_npu_bd_i/processing_system7_0/inst/FCLK_CLK0 | wafer_npu_bd_i/cnn_npu_0/inst/cnn_inst/pool1_inst/ox[31]_i_1_n_0                                                                                                   | wafer_npu_bd_i/cnn_npu_0/inst/cnn_inst/conv3_inst/sw_reset_stretch_reg[0]                                                                                 |                9 |             32 |         3.56 |
|  wafer_npu_bd_i/processing_system7_0/inst/FCLK_CLK0 | wafer_npu_bd_i/cnn_npu_0/inst/cnn_inst/conv3_inst/ox[31]_i_1__4_n_0                                                                                                | wafer_npu_bd_i/cnn_npu_0/inst/cnn_inst/conv3_inst/sw_reset_stretch_reg[0]                                                                                 |                7 |             32 |         4.57 |
|  wafer_npu_bd_i/processing_system7_0/inst/FCLK_CLK0 | wafer_npu_bd_i/cnn_npu_0/inst/cnn_inst/conv3_inst/oy[31]_i_1__4_n_0                                                                                                | wafer_npu_bd_i/cnn_npu_0/inst/cnn_inst/conv3_inst/sw_reset_stretch_reg[0]                                                                                 |                7 |             32 |         4.57 |
|  wafer_npu_bd_i/processing_system7_0/inst/FCLK_CLK0 | wafer_npu_bd_i/cnn_npu_0/inst/cnn_inst/conv2_inst/oy[31]_i_1__0_n_0                                                                                                | wafer_npu_bd_i/cnn_npu_0/inst/cnn_inst/conv3_inst/sw_reset_stretch_reg[0]                                                                                 |                7 |             32 |         4.57 |
|  wafer_npu_bd_i/processing_system7_0/inst/FCLK_CLK0 | wafer_npu_bd_i/cnn_npu_0/inst/cnn_inst/conv2_inst/ox[31]_i_1__0_n_0                                                                                                | wafer_npu_bd_i/cnn_npu_0/inst/cnn_inst/conv3_inst/sw_reset_stretch_reg[0]                                                                                 |                9 |             32 |         3.56 |
|  wafer_npu_bd_i/processing_system7_0/inst/FCLK_CLK0 | wafer_npu_bd_i/cnn_npu_0/inst/cnn_inst/conv1_inst/ox[31]_i_1__3_n_0                                                                                                | wafer_npu_bd_i/cnn_npu_0/inst/cnn_inst/conv3_inst/sw_reset_stretch_reg[0]                                                                                 |                8 |             32 |         4.00 |
|  wafer_npu_bd_i/processing_system7_0/inst/FCLK_CLK0 | wafer_npu_bd_i/cnn_npu_0/inst/cnn_inst/conv2_inst/acc[31]_i_1__0_n_0                                                                                               | wafer_npu_bd_i/cnn_npu_0/inst/cnn_inst/conv3_inst/sw_reset_stretch_reg[0]                                                                                 |               10 |             32 |         3.20 |
|  wafer_npu_bd_i/processing_system7_0/inst/FCLK_CLK0 | wafer_npu_bd_i/cnn_npu_0/inst/cnn_inst/pool1_inst/tap[31]_i_1_n_0                                                                                                  | wafer_npu_bd_i/cnn_npu_0/inst/cnn_inst/conv3_inst/sw_reset_stretch_reg[0]                                                                                 |                9 |             32 |         3.56 |
|  wafer_npu_bd_i/processing_system7_0/inst/FCLK_CLK0 | wafer_npu_bd_i/cnn_npu_0/inst/cnn_inst/conv1_inst/oc[31]_i_1_n_0                                                                                                   | wafer_npu_bd_i/cnn_npu_0/inst/cnn_inst/conv3_inst/sw_reset_stretch_reg[0]                                                                                 |                6 |             34 |         5.67 |
|  wafer_npu_bd_i/processing_system7_0/inst/FCLK_CLK0 | wafer_npu_bd_i/cnn_npu_0/inst/cnn_inst/conv2_inst/oc[31]_i_1__1_n_0                                                                                                | wafer_npu_bd_i/cnn_npu_0/inst/cnn_inst/conv3_inst/sw_reset_stretch_reg[0]                                                                                 |               12 |             35 |         2.92 |
|  wafer_npu_bd_i/processing_system7_0/inst/FCLK_CLK0 | wafer_npu_bd_i/cnn_npu_0/inst/cnn_inst/fc_inst/state_reg[1][0]                                                                                                     | wafer_npu_bd_i/cnn_npu_0/inst/cnn_inst/conv3_inst/sw_reset_stretch_reg[0]                                                                                 |                9 |             35 |         3.89 |
|  wafer_npu_bd_i/processing_system7_0/inst/FCLK_CLK0 | wafer_npu_bd_i/cnn_npu_0/inst/cnn_inst/fc_inst/of[31]_i_1_n_0                                                                                                      | wafer_npu_bd_i/cnn_npu_0/inst/cnn_inst/conv3_inst/sw_reset_stretch_reg[0]                                                                                 |                7 |             35 |         5.00 |
|  wafer_npu_bd_i/processing_system7_0/inst/FCLK_CLK0 | wafer_npu_bd_i/cnn_npu_0/inst/cnn_inst/conv3_inst/oc[31]_i_1__0_n_0                                                                                                | wafer_npu_bd_i/cnn_npu_0/inst/cnn_inst/conv3_inst/sw_reset_stretch_reg[0]                                                                                 |                9 |             37 |         4.11 |
|  wafer_npu_bd_i/processing_system7_0/inst/FCLK_CLK0 |                                                                                                                                                                    | wafer_npu_bd_i/cnn_npu_0/inst/cnn_inst/conv3_inst/sw_reset_stretch_reg[0]                                                                                 |               29 |             53 |         1.83 |
|  wafer_npu_bd_i/processing_system7_0/inst/FCLK_CLK0 | wafer_npu_bd_i/cnn_npu_0/inst/cnn_inst/gap_inst/py                                                                                                                 | wafer_npu_bd_i/cnn_npu_0/inst/cnn_inst/conv3_inst/sw_reset_stretch_reg[0]                                                                                 |               18 |             64 |         3.56 |
|  wafer_npu_bd_i/processing_system7_0/inst/FCLK_CLK0 | wafer_npu_bd_i/cnn_npu_0/inst/cnn_inst/conv2_inst/kx                                                                                                               | wafer_npu_bd_i/cnn_npu_0/inst/cnn_inst/conv3_inst/sw_reset_stretch_reg[0]                                                                                 |               37 |             96 |         2.59 |
|  wafer_npu_bd_i/processing_system7_0/inst/FCLK_CLK0 | wafer_npu_bd_i/cnn_npu_0/inst/cnn_inst/conv3_inst/kx                                                                                                               | wafer_npu_bd_i/cnn_npu_0/inst/cnn_inst/conv3_inst/sw_reset_stretch_reg[0]                                                                                 |               30 |             96 |         3.20 |
|  wafer_npu_bd_i/processing_system7_0/inst/FCLK_CLK0 | wafer_npu_bd_i/cnn_npu_0/inst/cnn_inst/conv1_inst/kx                                                                                                               | wafer_npu_bd_i/cnn_npu_0/inst/cnn_inst/conv3_inst/sw_reset_stretch_reg[0]                                                                                 |               38 |             96 |         2.53 |
|  wafer_npu_bd_i/processing_system7_0/inst/FCLK_CLK0 |                                                                                                                                                                    |                                                                                                                                                           |               64 |            185 |         2.89 |
+-----------------------------------------------------+--------------------------------------------------------------------------------------------------------------------------------------------------------------------+-----------------------------------------------------------------------------------------------------------------------------------------------------------+------------------+----------------+--------------+


